// Jest Snapshot v1, https://goo.gl/fbAQLP

exports[`Main examples page 1`] = `
<div>
  <div
    class="mx-auto mt-16 w-64"
    data-testid="wrapper"
  >
    <div>
      <span
        style="box-sizing: border-box; display: inline-block; overflow: hidden; background: none; opacity: 1; border: 0px; margin: 0px; padding: 0px; position: relative; max-width: 100%;"
      >
        <span
          style="box-sizing: border-box; display: block; background: none; opacity: 1; border: 0px; margin: 0px; padding: 0px; max-width: 100%;"
        >
          <img
            alt=""
            aria-hidden="true"
            src="data:image/svg+xml,%3csvg%20xmlns=%27http://www.w3.org/2000/svg%27%20version=%271.1%27%20width=%2764%27%20height=%2764%27/%3e"
            style="display: block; max-width: 100%; background: none; opacity: 1; border: 0px; margin: 0px; padding: 0px;"
          />
        </span>
        <img
          alt="Beadlist"
          data-nimg="intrinsic"
          decoding="async"
          src="data:image/gif;base64,R0lGODlhAQABAIAAAAAAAP///yH5BAEAAAAALAAAAAABAAEAAAIBRAA7"
          style="position: absolute; top: 0px; left: 0px; bottom: 0px; right: 0px; box-sizing: border-box; padding: 0px; margin: auto; display: block; width: 0px; height: 0px; min-width: 100%; max-width: 100%; min-height: 100%; max-height: 100%;"
        />
        <noscript />
      </span>
    </div>
    <p>
      Lorem ipsum dolor sit, amet consectetur adipisicing elit. Nostrum sint consequuntur, optio dolor nemo rerum ut corrupti mollitia saepe temporibus quasi quae suscipit nobis fugit veniam architecto minima debitis unde.
    </p>
    <pre>
      [
  {
    "address": "TEST_ADDRESS1",
    "value": "TEST_VALUE1"
  },
  {
    "address": "TEST_ADDRESS2",
    "value": "TEST_VALUE2"
  },
  {
    "address": "TEST_ADDRESS3",
    "value": "TEST_VALUE3"
  }
]
    </pre>
  </div>
</div>
`;
