// Jest Snapshot v1, https://goo.gl/fbAQLP

exports[`BalanceRow render 1`] = `
<div>
  <table>
    <tbody>
      <tr>
        <td>
          05/10/22, 20:00
        </td>
        <td>
          3.54946716
        </td>
      </tr>
    </tbody>
  </table>
</div>
`;
