// Jest Snapshot v1, https://goo.gl/fbAQLP

exports[`Transactions render 1`] = `
<div>
  <div
    class="w-[400px]"
  >
    <table
      class="table table-zebra w-full mb-16"
    >
      <thead>
        <tr>
          <th>
            Time
          </th>
          <th>
            Average Balance
          </th>
        </tr>
      </thead>
      <tbody>
        <tr>
          <td>
            05/10/22, 20:00
          </td>
          <td>
            1.53897932
          </td>
        </tr>
        <tr>
          <td>
            05/10/22, 19:00
          </td>
          <td>
            1.53897932
          </td>
        </tr>
        <tr>
          <td>
            05/10/22, 18:00
          </td>
          <td>
            1.53897932
          </td>
        </tr>
        <tr>
          <td>
            05/10/22, 17:00
          </td>
          <td>
            1.53897932
          </td>
        </tr>
        <tr>
          <td>
            05/10/22, 16:00
          </td>
          <td>
            3.5607685756392824
          </td>
        </tr>
        <tr>
          <td>
            05/10/22, 15:00
          </td>
          <td>
            3.597715202567512
          </td>
        </tr>
        <tr>
          <td>
            05/10/22, 14:00
          </td>
          <td>
            3.64948216
          </td>
        </tr>
        <tr>
          <td>
            05/10/22, 13:00
          </td>
          <td>
            3.6916725356084377
          </td>
        </tr>
        <tr>
          <td>
            05/10/22, 12:00
          </td>
          <td>
            4.693386241637246
          </td>
        </tr>
        <tr>
          <td>
            05/10/22, 11:00
          </td>
          <td>
            4.70949716
          </td>
        </tr>
        <tr>
          <td>
            05/10/22, 10:00
          </td>
          <td>
            4.70949716
          </td>
        </tr>
        <tr>
          <td>
            05/10/22, 09:00
          </td>
          <td>
            4.70949716
          </td>
        </tr>
        <tr>
          <td>
            05/10/22, 08:00
          </td>
          <td>
            4.70949716
          </td>
        </tr>
        <tr>
          <td>
            05/10/22, 07:00
          </td>
          <td>
            4.70949716
          </td>
        </tr>
        <tr>
          <td>
            05/10/22, 06:00
          </td>
          <td>
            4.70949716
          </td>
        </tr>
        <tr>
          <td>
            05/10/22, 05:00
          </td>
          <td>
            4.70949716
          </td>
        </tr>
        <tr>
          <td>
            05/10/22, 04:00
          </td>
          <td>
            4.70949716
          </td>
        </tr>
        <tr>
          <td>
            05/10/22, 03:00
          </td>
          <td>
            4.70949716
          </td>
        </tr>
        <tr>
          <td>
            05/10/22, 02:00
          </td>
          <td>
            4.70949716
          </td>
        </tr>
        <tr>
          <td>
            05/10/22, 01:00
          </td>
          <td>
            4.70949716
          </td>
        </tr>
        <tr>
          <td>
            05/10/22, 00:00
          </td>
          <td>
            4.61505268932098
          </td>
        </tr>
        <tr>
          <td>
            04/10/22, 23:00
          </td>
          <td>
            2.70949716
          </td>
        </tr>
        <tr>
          <td>
            04/10/22, 22:00
          </td>
          <td>
            2.70949716
          </td>
        </tr>
        <tr>
          <td>
            04/10/22, 21:00
          </td>
          <td>
            2.70949716
          </td>
        </tr>
      </tbody>
    </table>
  </div>
</div>
`;
